I'm sorry, but errors were detected in your script. Please correct the
errors listed below, and try again.


File "game/stella script.rpy", line 160: expected statement.
    <<<<<<< HEAD:game/stella script.rpy
                ^

File "game/stella script.rpy", line 166: expected statement.
    =======
          ^

File "game/stella script.rpy", line 168: expected statement.
    >>>>>>> origin/master:game/stella script.rpy
                         ^

Ren'Py Version: Ren'Py 6.99.10.1227
